Release 14.7 - xst P.20131013 (lin64)
Copyright (c) 1995-2013 Xilinx, Inc.  All rights reserved.
--> 
Parameter TMPDIR set to xst/projnav.tmp


Total REAL time to Xst completion: 3.00 secs
Total CPU time to Xst completion: 0.06 secs
 
--> 
Parameter xsthdpdir set to xst


Total REAL time to Xst completion: 3.00 secs
Total CPU time to Xst completion: 0.06 secs
 
--> 
Reading design: Top.prj

TABLE OF CONTENTS
  1) Synthesis Options Summary
  2) HDL Compilation
  3) Design Hierarchy Analysis
  4) HDL Analysis
  5) HDL Synthesis
     5.1) HDL Synthesis Report
  6) Advanced HDL Synthesis
     6.1) Advanced HDL Synthesis Report
  7) Low Level Synthesis
  8) Partition Report
  9) Final Report
	9.1) Device utilization summary
	9.2) Partition Resource Summary
	9.3) TIMING REPORT


=========================================================================
*                      Synthesis Options Summary                        *
=========================================================================
---- Source Parameters
Input File Name                    : "Top.prj"
Input Format                       : mixed
Ignore Synthesis Constraint File   : NO

---- Target Parameters
Output File Name                   : "Top"
Output Format                      : NGC
Target Device                      : xc3s200-5-tq144

---- Source Options
Top Module Name                    : Top
Automatic FSM Extraction           : YES
FSM Encoding Algorithm             : Auto
Safe Implementation                : No
FSM Style                          : LUT
RAM Extraction                     : Yes
RAM Style                          : Auto
ROM Extraction                     : Yes
Mux Style                          : Auto
Decoder Extraction                 : YES
Priority Encoder Extraction        : Yes
Shift Register Extraction          : YES
Logical Shifter Extraction         : YES
XOR Collapsing                     : YES
ROM Style                          : Auto
Mux Extraction                     : Yes
Resource Sharing                   : YES
Asynchronous To Synchronous        : NO
Multiplier Style                   : Auto
Automatic Register Balancing       : No

---- Target Options
Add IO Buffers                     : YES
Global Maximum Fanout              : 100000
Add Generic Clock Buffer(BUFG)     : 8
Register Duplication               : YES
Slice Packing                      : YES
Optimize Instantiated Primitives   : NO
Use Clock Enable                   : Yes
Use Synchronous Set                : Yes
Use Synchronous Reset              : Yes
Pack IO Registers into IOBs        : Auto
Equivalent register Removal        : YES

---- General Options
Optimization Goal                  : Speed
Optimization Effort                : 1
Keep Hierarchy                     : No
Netlist Hierarchy                  : As_Optimized
RTL Output                         : Yes
Global Optimization                : AllClockNets
Read Cores                         : YES
Write Timing Constraints           : NO
Cross Clock Analysis               : NO
Hierarchy Separator                : /
Bus Delimiter                      : <>
Case Specifier                     : Maintain
Slice Utilization Ratio            : 100
BRAM Utilization Ratio             : 100
Verilog 2001                       : YES
Auto BRAM Packing                  : NO
Slice Utilization Ratio Delta      : 5

=========================================================================


=========================================================================
*                          HDL Compilation                              *
=========================================================================
Compiling vhdl file "/root/VHDL/Sport/Basketball/CLK1ms.vhd" in Library work.
Entity <CLK1ms> compiled.
Entity <CLK1ms> (Architecture <Behavioral>) compiled.
Compiling vhdl file "/root/VHDL/Sport/Basketball/CLKhalfsec.vhd" in Library work.
Entity <CLKhalfsec> compiled.
Entity <CLKhalfsec> (Architecture <Behavioral>) compiled.
Compiling vhdl file "/root/VHDL/Sport/Basketball/Counter.vhd" in Library work.
Entity <Counter> compiled.
Entity <Counter> (Architecture <Behavioral>) compiled.
Compiling vhdl file "/root/VHDL/Sport/Basketball/FSM_Push.vhd" in Library work.
Entity <FSM_Push> compiled.
Entity <FSM_Push> (Architecture <Behavioral>) compiled.
Compiling vhdl file "/root/VHDL/Sport/Basketball/FSM_COM.vhd" in Library work.
Entity <FSM_COM> compiled.
Entity <FSM_COM> (Architecture <Behavioral>) compiled.
Compiling vhdl file "/root/VHDL/Sport/Basketball/ScanDigit_score.vhd" in Library work.
Entity <ScanDigit_score> compiled.
Entity <ScanDigit_score> (Architecture <Behavioral>) compiled.
Compiling vhdl file "/root/VHDL/Sport/Basketball/CLK1s.vhd" in Library work.
Entity <CLK1s> compiled.
Entity <CLK1s> (Architecture <Behavioral>) compiled.
Compiling vhdl file "/root/VHDL/Sport/Basketball/Counts_Quarter.vhd" in Library work.
Entity <Counts_Quarter> compiled.
Entity <Counts_Quarter> (Architecture <Behavioral>) compiled.
Compiling vhdl file "/root/VHDL/Sport/Basketball/FSM.vhd" in Library work.
Entity <FSM> compiled.
Entity <FSM> (Architecture <Behavioral>) compiled.
Compiling vhdl file "/root/VHDL/Sport/Basketball/CD10min.vhd" in Library work.
Entity <CD10min> compiled.
Entity <CD10min> (Architecture <Behavioral>) compiled.
Compiling vhdl file "/root/VHDL/Sport/Basketball/CD15min.vhd" in Library work.
Entity <CD15min> compiled.
Entity <CD15min> (Architecture <Behavioral>) compiled.
Compiling vhdl file "/root/VHDL/Sport/Basketball/CD2min.vhd" in Library work.
Entity <CD2min> compiled.
Entity <CD2min> (Architecture <Behavioral>) compiled.
Compiling vhdl file "/root/VHDL/Sport/Basketball/Overtime5min.vhd" in Library work.
Entity <Overtime5min> compiled.
Entity <Overtime5min> (Architecture <Behavioral>) compiled.
Compiling vhdl file "/root/VHDL/Sport/Basketball/Buzzer.vhd" in Library work.
Entity <Buzzer> compiled.
Entity <Buzzer> (Architecture <Behavioral>) compiled.
Compiling vhdl file "/root/VHDL/Sport/Basketball/ScanDigit_time.vhd" in Library work.
Entity <ScanDigit_time> compiled.
Entity <ScanDigit_time> (Architecture <Behavioral>) compiled.
Compiling vhdl file "/root/VHDL/Sport/Basketball/Debouce.vhd" in Library work.
Entity <Debouce> compiled.
Entity <Debouce> (Architecture <Behavioral>) compiled.
Compiling vhdl file "/root/VHDL/Sport/Basketball/TimeTop.vhd" in Library work.
Entity <TimeTop> compiled.
Entity <TimeTop> (Architecture <Structural>) compiled.
Compiling vhdl file "/root/VHDL/Sport/Basketball/ScoreTop.vhd" in Library work.
Entity <ScoreTop> compiled.
Entity <ScoreTop> (Architecture <Structural>) compiled.
Compiling vhdl file "/root/VHDL/Sport/Basketball/FSM_top.vhd" in Library work.
Entity <FSM_top> compiled.
Entity <FSM_top> (Architecture <Behavioral>) compiled.
Compiling vhdl file "/root/VHDL/Sport/Basketball/BCD.vhd" in Library work.
Entity <BCD> compiled.
Entity <BCD> (Architecture <Behavioral>) compiled.
Compiling vhdl file "/root/VHDL/Sport/Basketball/Top.vhd" in Library work.
Entity <Top> compiled.
Entity <Top> (Architecture <Structural>) compiled.

=========================================================================
*                     Design Hierarchy Analysis                         *
=========================================================================
Analyzing hierarchy for entity <Top> in library <work> (architecture <Structural>).

Analyzing hierarchy for entity <CLK1ms> in library <work> (architecture <Behavioral>).

Analyzing hierarchy for entity <Debouce> in library <work> (architecture <Behavioral>).

Analyzing hierarchy for entity <TimeTop> in library <work> (architecture <Structural>).

Analyzing hierarchy for entity <ScoreTop> in library <work> (architecture <Structural>).

Analyzing hierarchy for entity <FSM_top> in library <work> (architecture <Behavioral>).

Analyzing hierarchy for entity <BCD> in library <work> (architecture <Behavioral>).

Analyzing hierarchy for entity <CLK1ms> in library <work> (architecture <Behavioral>).

Analyzing hierarchy for entity <CLK1s> in library <work> (architecture <Behavioral>).

Analyzing hierarchy for entity <Counts_Quarter> in library <work> (architecture <Behavioral>).

Analyzing hierarchy for entity <FSM> in library <work> (architecture <Behavioral>).

Analyzing hierarchy for entity <CD10min> in library <work> (architecture <Behavioral>).

Analyzing hierarchy for entity <CD15min> in library <work> (architecture <Behavioral>).

Analyzing hierarchy for entity <CD2min> in library <work> (architecture <Behavioral>).

Analyzing hierarchy for entity <Overtime5min> in library <work> (architecture <Behavioral>).

Analyzing hierarchy for entity <Buzzer> in library <work> (architecture <Behavioral>).

Analyzing hierarchy for entity <ScanDigit_time> in library <work> (architecture <Behavioral>).

Analyzing hierarchy for entity <CLKhalfsec> in library <work> (architecture <Behavioral>).

Analyzing hierarchy for entity <Counter> in library <work> (architecture <Behavioral>).

Analyzing hierarchy for entity <FSM_Push> in library <work> (architecture <Behavioral>).

Analyzing hierarchy for entity <FSM_COM> in library <work> (architecture <Behavioral>).

Analyzing hierarchy for entity <ScanDigit_score> in library <work> (architecture <Behavioral>).


=========================================================================
*                            HDL Analysis                               *
=========================================================================
Analyzing Entity <Top> in library <work> (Architecture <Structural>).
Entity <Top> analyzed. Unit <Top> generated.

Analyzing Entity <CLK1ms> in library <work> (Architecture <Behavioral>).
Entity <CLK1ms> analyzed. Unit <CLK1ms> generated.

Analyzing Entity <Debouce> in library <work> (Architecture <Behavioral>).
Entity <Debouce> analyzed. Unit <Debouce> generated.

Analyzing Entity <TimeTop> in library <work> (Architecture <Structural>).
Entity <TimeTop> analyzed. Unit <TimeTop> generated.

Analyzing Entity <CLK1s> in library <work> (Architecture <Behavioral>).
Entity <CLK1s> analyzed. Unit <CLK1s> generated.

Analyzing Entity <Counts_Quarter> in library <work> (Architecture <Behavioral>).
Entity <Counts_Quarter> analyzed. Unit <Counts_Quarter> generated.

Analyzing Entity <FSM> in library <work> (Architecture <Behavioral>).
Entity <FSM> analyzed. Unit <FSM> generated.

Analyzing Entity <CD10min> in library <work> (Architecture <Behavioral>).
Entity <CD10min> analyzed. Unit <CD10min> generated.

Analyzing Entity <CD15min> in library <work> (Architecture <Behavioral>).
Entity <CD15min> analyzed. Unit <CD15min> generated.

Analyzing Entity <CD2min> in library <work> (Architecture <Behavioral>).
INFO:Xst:2679 - Register <w2Digit1> in unit <CD2min> has a constant value of 0000 during circuit operation. The register is replaced by logic.
Entity <CD2min> analyzed. Unit <CD2min> generated.

Analyzing Entity <Overtime5min> in library <work> (Architecture <Behavioral>).
INFO:Xst:2679 - Register <w5Digit1> in unit <Overtime5min> has a constant value of 0000 during circuit operation. The register is replaced by logic.
Entity <Overtime5min> analyzed. Unit <Overtime5min> generated.

Analyzing Entity <Buzzer> in library <work> (Architecture <Behavioral>).
Entity <Buzzer> analyzed. Unit <Buzzer> generated.

Analyzing Entity <ScanDigit_time> in library <work> (Architecture <Behavioral>).
Entity <ScanDigit_time> analyzed. Unit <ScanDigit_time> generated.

Analyzing Entity <ScoreTop> in library <work> (Architecture <Structural>).
Entity <ScoreTop> analyzed. Unit <ScoreTop> generated.

Analyzing Entity <CLKhalfsec> in library <work> (Architecture <Behavioral>).
Entity <CLKhalfsec> analyzed. Unit <CLKhalfsec> generated.

Analyzing Entity <Counter> in library <work> (Architecture <Behavioral>).
Entity <Counter> analyzed. Unit <Counter> generated.

Analyzing Entity <FSM_Push> in library <work> (Architecture <Behavioral>).
Entity <FSM_Push> analyzed. Unit <FSM_Push> generated.

Analyzing Entity <FSM_COM> in library <work> (Architecture <Behavioral>).
Entity <FSM_COM> analyzed. Unit <FSM_COM> generated.

Analyzing Entity <ScanDigit_score> in library <work> (Architecture <Behavioral>).
Entity <ScanDigit_score> analyzed. Unit <ScanDigit_score> generated.

Analyzing Entity <FSM_top> in library <work> (Architecture <Behavioral>).
Entity <FSM_top> analyzed. Unit <FSM_top> generated.

Analyzing Entity <BCD> in library <work> (Architecture <Behavioral>).
Entity <BCD> analyzed. Unit <BCD> generated.


=========================================================================
*                           HDL Synthesis                               *
=========================================================================

Performing bidirectional port resolution...

Synthesizing Unit <CLK1ms>.
    Related source file is "/root/VHDL/Sport/Basketball/CLK1ms.vhd".
    Found 1-bit register for signal <r1ms>.
    Found 15-bit up counter for signal <rCnt>.
    Summary:
	inferred   1 Counter(s).
	inferred   1 D-type flip-flop(s).
Unit <CLK1ms> synthesized.


Synthesizing Unit <Debouce>.
    Related source file is "/root/VHDL/Sport/Basketball/Debouce.vhd".
    Found 1-bit register for signal <O>.
    Found 3-bit up counter for signal <rCnt>.
    Found 4-bit register for signal <rDebouce>.
    Found 1-bit register for signal <rTick>.
    Summary:
	inferred   1 Counter(s).
	inferred   6 D-type flip-flop(s).
Unit <Debouce> synthesized.


Synthesizing Unit <FSM_top>.
    Related source file is "/root/VHDL/Sport/Basketball/FSM_top.vhd".
    Found 1-bit register for signal <oPush2Score>.
    Found 1-bit register for signal <oPush4Time>.
    Found 4-bit register for signal <com>.
    Found 8-bit register for signal <oLED>.
    Found 1-bit register for signal <dp>.
    Found 1-bit register for signal <oPush3Score>.
    Found 1-bit register for signal <oPush1Time>.
    Found 1-bit register for signal <oPush4Score>.
    Found 1-bit register for signal <oPush2Time>.
    Found 4-bit register for signal <oData>.
    Found 1-bit register for signal <oPush1Score>.
    Found 1-bit register for signal <oPush3Time>.
    Found 1-bit register for signal <state<0>>.
    Summary:
	inferred  26 D-type flip-flop(s).
Unit <FSM_top> synthesized.


Synthesizing Unit <BCD>.
    Related source file is "/root/VHDL/Sport/Basketball/BCD.vhd".
    Found 16x7-bit ROM for signal <O>.
    Summary:
	inferred   1 ROM(s).
Unit <BCD> synthesized.


Synthesizing Unit <CLK1s>.
    Related source file is "/root/VHDL/Sport/Basketball/CLK1s.vhd".
    Found 1-bit register for signal <r1s>.
    Found 10-bit up counter for signal <rCnt>.
    Summary:
	inferred   1 Counter(s).
	inferred   1 D-type flip-flop(s).
Unit <CLK1s> synthesized.


Synthesizing Unit <Counts_Quarter>.
    Related source file is "/root/VHDL/Sport/Basketball/Counts_Quarter.vhd".
    Found finite state machine <FSM_0> for signal <state>.
    -----------------------------------------------------------------------
    | States             | 4                                              |
    | Transitions        | 22                                             |
    | Inputs             | 4                                              |
    | Outputs            | 8                                              |
    | Clock              | CLK                       (rising_edge)        |
    | Reset              | Rstb                      (negative)           |
    | Reset type         | asynchronous                                   |
    | Reset State        | s1                                             |
    | Power Up State     | s1                                             |
    | Encoding           | automatic                                      |
    | Implementation     | LUT                                            |
    -----------------------------------------------------------------------
    Found 1-bit register for signal <wF>.
    Found 4-bit register for signal <wO>.
    Found 1-bit register for signal <wOver>.
    Found 1-bit register for signal <wRe>.
    Found 1-bit register for signal <wS>.
    Found 1-bit register for signal <wSO>.
    Found 1-bit register for signal <wSOv>.
    Summary:
	inferred   1 Finite State Machine(s).
	inferred  10 D-type flip-flop(s).
Unit <Counts_Quarter> synthesized.


Synthesizing Unit <FSM>.
    Related source file is "/root/VHDL/Sport/Basketball/FSM.vhd".
    Found finite state machine <FSM_1> for signal <curr_state>.
    -----------------------------------------------------------------------
    | States             | 4                                              |
    | Transitions        | 12                                             |
    | Inputs             | 2                                              |
    | Outputs            | 4                                              |
    | Clock              | CLK                       (rising_edge)        |
    | Reset              | Rstb                      (negative)           |
    | Reset type         | asynchronous                                   |
    | Reset State        | s0                                             |
    | Power Up State     | s0                                             |
    | Encoding           | automatic                                      |
    | Implementation     | LUT                                            |
    -----------------------------------------------------------------------
    Found 4-bit register for signal <wDigit1>.
    Found 4-bit register for signal <wDigit2>.
    Found 4-bit register for signal <wDigit3>.
    Found 4-bit register for signal <wDigit4>.
    Summary:
	inferred   1 Finite State Machine(s).
	inferred  16 D-type flip-flop(s).
Unit <FSM> synthesized.


Synthesizing Unit <CD10min>.
    Related source file is "/root/VHDL/Sport/Basketball/CD10min.vhd".
    Found 1-bit register for signal <rCnt>.
    Found 4-bit down counter for signal <w10Digit1>.
    Found 5-bit comparator greatequal for signal <w10Digit1$cmp_ge0000> created at line 70.
    Found 4-bit down counter for signal <w10Digit2>.
    Found 4-bit down counter for signal <w10Digit3>.
    Found 4-bit down counter for signal <w10Digit4>.
    Found 1-bit register for signal <wFinish>.
    Found 1-bit register for signal <wS10>.
    Found 1-bit register for signal <wStart>.
    Found 5-bit comparator less for signal <wStart$cmp_lt0000> created at line 70.
    Summary:
	inferred   4 Counter(s).
	inferred   4 D-type flip-flop(s).
	inferred   2 Comparator(s).
Unit <CD10min> synthesized.


Synthesizing Unit <CD15min>.
    Related source file is "/root/VHDL/Sport/Basketball/CD15min.vhd".
    Found 1-bit register for signal <rCnt>.
    Found 4-bit down counter for signal <w15Digit1>.
    Found 4-bit register for signal <w15Digit2>.
    Found 4-bit subtractor for signal <w15Digit2$addsub0000> created at line 53.
    Found 4-bit register for signal <w15Digit3>.
    Found 4-bit subtractor for signal <w15Digit3$addsub0000> created at line 64.
    Found 4-bit register for signal <w15Digit4>.
    Found 4-bit subtractor for signal <w15Digit4$addsub0000> created at line 75.
    Summary:
	inferred   1 Counter(s).
	inferred   9 D-type flip-flop(s).
	inferred   3 Adder/Subtractor(s).
Unit <CD15min> synthesized.


Synthesizing Unit <CD2min>.
    Related source file is "/root/VHDL/Sport/Basketball/CD2min.vhd".
    Found 4-bit down counter for signal <w2Digit2>.
    Found 4-bit register for signal <w2Digit3>.
    Found 4-bit subtractor for signal <w2Digit3$addsub0000> created at line 52.
    Found 4-bit register for signal <w2Digit4>.
    Found 4-bit subtractor for signal <w2Digit4$addsub0000> created at line 63.
    Summary:
	inferred   1 Counter(s).
	inferred   8 D-type flip-flop(s).
	inferred   2 Adder/Subtractor(s).
Unit <CD2min> synthesized.


Synthesizing Unit <Overtime5min>.
    Related source file is "/root/VHDL/Sport/Basketball/Overtime5min.vhd".
    Found 1-bit register for signal <rCnt>.
    Found 4-bit down counter for signal <w5Digit2>.
    Found 5-bit comparator greatequal for signal <w5Digit2$cmp_ge0000> created at line 73.
    Found 5-bit comparator less for signal <w5Digit2$cmp_lt0000> created at line 75.
    Found 4-bit register for signal <w5Digit3>.
    Found 4-bit subtractor for signal <w5Digit3$addsub0000> created at line 93.
    Found 4-bit register for signal <w5Digit4>.
    Found 4-bit subtractor for signal <w5Digit4$addsub0000> created at line 104.
    Found 1-bit register for signal <wFinish>.
    Found 1-bit register for signal <wS5>.
    Found 1-bit register for signal <wStart>.
    Summary:
	inferred   1 Counter(s).
	inferred  12 D-type flip-flop(s).
	inferred   2 Adder/Subtractor(s).
	inferred   2 Comparator(s).
Unit <Overtime5min> synthesized.


Synthesizing Unit <Buzzer>.
    Related source file is "/root/VHDL/Sport/Basketball/Buzzer.vhd".
    Found 2-bit up counter for signal <num>.
    Found 1-bit register for signal <rCnt1>.
    Found 1-bit register for signal <rCnt2>.
    Found 1-bit register for signal <wBuz1>.
    Found 1-bit register for signal <wBuz2>.
    Found 1-bit register for signal <wI1>.
    Found 1-bit register for signal <wI2>.
    Found 1-bit register for signal <wO1>.
    Found 1-bit register for signal <wO2>.
    Found 1-bit register for signal <wRe>.
    Found 3-bit comparator greater for signal <wRe$cmp_gt0000> created at line 86.
    Summary:
	inferred   1 Counter(s).
	inferred   9 D-type flip-flop(s).
	inferred   1 Comparator(s).
Unit <Buzzer> synthesized.


Synthesizing Unit <ScanDigit_time>.
    Related source file is "/root/VHDL/Sport/Basketball/ScanDigit_time.vhd".
    Found 1-bit register for signal <rCnP>.
    Found 4-bit up counter for signal <rCnt>.
    Found 9-bit up counter for signal <rCnt500ms>.
    Found 4-bit register for signal <rShift>.
    Summary:
	inferred   2 Counter(s).
	inferred   1 D-type flip-flop(s).
Unit <ScanDigit_time> synthesized.


Synthesizing Unit <CLKhalfsec>.
    Related source file is "/root/VHDL/Sport/Basketball/CLKhalfsec.vhd".
    Found 1-bit register for signal <r0_5s>.
    Found 10-bit up counter for signal <rCnt>.
    Summary:
	inferred   1 Counter(s).
	inferred   1 D-type flip-flop(s).
Unit <CLKhalfsec> synthesized.


Synthesizing Unit <Counter>.
    Related source file is "/root/VHDL/Sport/Basketball/Counter.vhd".
    Found 1-bit register for signal <rCnt>.
    Found 5-bit comparator greatequal for signal <rCnt$cmp_ge0000> created at line 56.
    Found 5-bit comparator greatequal for signal <rCnt$cmp_ge0001> created at line 64.
    Found 4-bit register for signal <wDigit1>.
    Found 4-bit adder for signal <wDigit1$addsub0000> created at line 41.
    Found 5-bit comparator greatequal for signal <wDigit1$cmp_ge0000> created at line 34.
    Found 5-bit comparator greatequal for signal <wDigit1$cmp_ge0001> created at line 34.
    Found 4-bit register for signal <wDigit2>.
    Found 4-bit addsub for signal <wDigit2$addsub0000>.
    Found 4-bit register for signal <wScore>.
    Found 5-bit comparator greater for signal <wScore$cmp_gt0000> created at line 83.
    Summary:
	inferred  13 D-type flip-flop(s).
	inferred   2 Adder/Subtractor(s).
	inferred   5 Comparator(s).
Unit <Counter> synthesized.


Synthesizing Unit <FSM_Push>.
    Related source file is "/root/VHDL/Sport/Basketball/FSM_Push.vhd".
    Found 1-bit register for signal <oT1Push1>.
    Found 1-bit register for signal <oT1Push2>.
    Found 1-bit register for signal <oT1Push3>.
    Found 1-bit register for signal <oT2Push1>.
    Found 1-bit register for signal <oT2Push2>.
    Found 1-bit register for signal <oT2Push3>.
    Found 1-bit register for signal <curr_state<0>>.
    Summary:
	inferred   7 D-type flip-flop(s).
Unit <FSM_Push> synthesized.


Synthesizing Unit <FSM_COM>.
    Related source file is "/root/VHDL/Sport/Basketball/FSM_COM.vhd".
    Found 1-bit register for signal <curr_state<0>>.
    Found 1-bit register for signal <rCnt>.
    Found 4-bit register for signal <wCom>.
    Summary:
	inferred   6 D-type flip-flop(s).
Unit <FSM_COM> synthesized.


Synthesizing Unit <ScanDigit_score>.
    Related source file is "/root/VHDL/Sport/Basketball/ScanDigit_score.vhd".
    Found 4-bit up counter for signal <rCnt>.
    Found 4-bit register for signal <rShift>.
    Summary:
	inferred   1 Counter(s).
Unit <ScanDigit_score> synthesized.


Synthesizing Unit <TimeTop>.
    Related source file is "/root/VHDL/Sport/Basketball/TimeTop.vhd".
Unit <TimeTop> synthesized.


Synthesizing Unit <ScoreTop>.
    Related source file is "/root/VHDL/Sport/Basketball/ScoreTop.vhd".
Unit <ScoreTop> synthesized.


Synthesizing Unit <Top>.
    Related source file is "/root/VHDL/Sport/Basketball/Top.vhd".
Unit <Top> synthesized.

INFO:Xst:1767 - HDL ADVISOR - Resource sharing has identified that some arithmetic operations in this design can share the same physical resources for reduced device utilization. For improved clock frequency you may try to disable resource sharing.

=========================================================================
HDL Synthesis Report

Macro Statistics
# ROMs                                                 : 1
 16x7-bit ROM                                          : 1
# Adders/Subtractors                                   : 11
 4-bit adder                                           : 2
 4-bit addsub                                          : 2
 4-bit subtractor                                      : 7
# Counters                                             : 20
 10-bit up counter                                     : 2
 15-bit up counter                                     : 3
 2-bit up counter                                      : 1
 3-bit up counter                                      : 4
 4-bit down counter                                    : 7
 4-bit up counter                                      : 2
 9-bit up counter                                      : 1
# Registers                                            : 90
 1-bit register                                        : 63
 4-bit register                                        : 26
 8-bit register                                        : 1
# Comparators                                          : 15
 3-bit comparator greater                              : 1
 5-bit comparator greatequal                           : 10
 5-bit comparator greater                              : 2
 5-bit comparator less                                 : 2

=========================================================================

=========================================================================
*                       Advanced HDL Synthesis                          *
=========================================================================

Analyzing FSM <FSM_1> for best encoding.
Optimizing FSM <u_TimeTop/u_FSM/curr_state/FSM> on signal <curr_state[1:2]> with sequential encoding.
-------------------
 State | Encoding
-------------------
 s0    | 00
 s1    | 01
 s2    | 11
 s3    | 10
-------------------
Analyzing FSM <FSM_0> for best encoding.
Optimizing FSM <u_TimeTop/u_Counts/state/FSM> on signal <state[1:2]> with gray encoding.
-------------------
 State | Encoding
-------------------
 s1    | 00
 s2    | 01
 s3    | 11
 s4    | 10
-------------------

=========================================================================
Advanced HDL Synthesis Report

Macro Statistics
# FSMs                                                 : 2
# ROMs                                                 : 1
 16x7-bit ROM                                          : 1
# Adders/Subtractors                                   : 11
 4-bit adder                                           : 2
 4-bit addsub                                          : 2
 4-bit subtractor                                      : 7
# Counters                                             : 20
 10-bit up counter                                     : 2
 15-bit up counter                                     : 3
 2-bit up counter                                      : 1
 3-bit up counter                                      : 4
 4-bit down counter                                    : 7
 4-bit up counter                                      : 2
 9-bit up counter                                      : 1
# Registers                                            : 175
 Flip-Flops                                            : 175
# Comparators                                          : 15
 3-bit comparator greater                              : 1
 5-bit comparator greatequal                           : 10
 5-bit comparator greater                              : 2
 5-bit comparator less                                 : 2

=========================================================================

=========================================================================
*                         Low Level Synthesis                           *
=========================================================================

Optimizing unit <Top> ...

Optimizing unit <Debouce> ...

Optimizing unit <FSM> ...

Optimizing unit <CD10min> ...

Optimizing unit <CD2min> ...

Optimizing unit <Overtime5min> ...

Optimizing unit <Counter> ...

Optimizing unit <CD15min> ...

Optimizing unit <ScanDigit_time> ...

Optimizing unit <ScanDigit_score> ...

Optimizing unit <TimeTop> ...
INFO:Xst:2261 - The FF/Latch <u_Buz/wO1> in Unit <TimeTop> is equivalent to the following FF/Latch, which will be removed : <u_Buz/wBuz1> 
INFO:Xst:2261 - The FF/Latch <u_Buz/wBuz2> in Unit <TimeTop> is equivalent to the following FF/Latch, which will be removed : <u_Buz/wO2> 
INFO:Xst:2261 - The FF/Latch <u_Buz/wO1> in Unit <TimeTop> is equivalent to the following FF/Latch, which will be removed : <u_Buz/wBuz1> 
INFO:Xst:2261 - The FF/Latch <u_Buz/wBuz2> in Unit <TimeTop> is equivalent to the following FF/Latch, which will be removed : <u_Buz/wO2> 

Mapping all equations...
Building and optimizing final netlist ...
Found area constraint ratio of 100 (+ 5) on block Top, actual ratio is 16.
FlipFlop u_TimeTop/u_CLK1s/r1s has been replicated 1 time(s)

Final Macro Processing ...

=========================================================================
Final Register Report

Macro Statistics
# Registers                                            : 302
 Flip-Flops                                            : 302

=========================================================================

=========================================================================
*                           Partition Report                            *
=========================================================================

Partition Implementation Status
-------------------------------

  No Partitions were found in this design.

-------------------------------

=========================================================================
*                            Final Report                               *
=========================================================================
Final Results
RTL Top Level Output File Name     : Top.ngr
Top Level Output File Name         : Top
Output Format                      : NGC
Optimization Goal                  : Speed
Keep Hierarchy                     : No

Design Statistics
# IOs                              : 32

Cell Usage :
# BELS                             : 734
#      GND                         : 1
#      INV                         : 16
#      LUT1                        : 68
#      LUT2                        : 95
#      LUT2_D                      : 3
#      LUT2_L                      : 3
#      LUT3                        : 111
#      LUT3_D                      : 16
#      LUT3_L                      : 7
#      LUT4                        : 207
#      LUT4_D                      : 25
#      LUT4_L                      : 20
#      MUXCY                       : 68
#      MUXF5                       : 19
#      VCC                         : 1
#      XORCY                       : 74
# FlipFlops/Latches                : 302
#      FD                          : 28
#      FDC                         : 73
#      FDCE                        : 157
#      FDE                         : 10
#      FDPE                        : 15
#      FDR                         : 19
# Clock Buffers                    : 1
#      BUFGP                       : 1
# IO Buffers                       : 31
#      IBUF                        : 10
#      OBUF                        : 21
=========================================================================

Device utilization summary:
---------------------------

Selected Device : 3s200tq144-5 

 Number of Slices:                      300  out of   1920    15%  
 Number of Slice Flip Flops:            302  out of   3840     7%  
 Number of 4 input LUTs:                571  out of   3840    14%  
 Number of IOs:                          32
 Number of bonded IOBs:                  32  out of     97    32%  
 Number of GCLKs:                         1  out of      8    12%  

---------------------------
Partition Resource Summary:
---------------------------

  No Partitions were found in this design.

---------------------------


=========================================================================
TIMING REPORT

NOTE: THESE TIMING NUMBERS ARE ONLY A SYNTHESIS ESTIMATE.
      FOR ACCURATE TIMING INFORMATION PLEASE REFER TO THE TRACE REPORT
      GENERATED AFTER PLACE-and-ROUTE.

Clock Information:
------------------
-----------------------------------+------------------------+-------+
Clock Signal                       | Clock buffer(FF name)  | Load  |
-----------------------------------+------------------------+-------+
CLK                                | BUFGP                  | 302   |
-----------------------------------+------------------------+-------+

Asynchronous Control Signals Information:
----------------------------------------
------------------------------------------------------------------------------+----------------------------------+-------+
Control Signal                                                                | Buffer(FF name)                  | Load  |
------------------------------------------------------------------------------+----------------------------------+-------+
Rstb_inv(u_TimeTop/u_ScanDigit/Rstb_inv1_INV_0:O)                             | NONE(u_CLK1ms/r1ms)              | 185   |
u_TimeTop/u_10min/w10Digit1_or0000(u_TimeTop/u_Counts/wF_or00001:O)           | NONE(u_TimeTop/u_10min/rCnt)     | 22    |
u_TimeTop/u_15min/w15Digit1_not0002_inv(u_TimeTop/u_15min/w15Digit1_or00001:O)| NONE(u_TimeTop/u_15min/rCnt)     | 17    |
u_TimeTop/u_2min/w2Digit2_not0002_inv(u_TimeTop/u_2min/w2Digit2_or00001:O)    | NONE(u_TimeTop/u_2min/w2Digit2_0)| 12    |
u_TimeTop/u_Buz/wRe_or0000(u_TimeTop/u_Buz/wRe_or00001:O)                     | NONE(u_TimeTop/u_Buz/num_0)      | 9     |
------------------------------------------------------------------------------+----------------------------------+-------+

Timing Summary:
---------------
Speed Grade: -5

   Minimum period: 6.305ns (Maximum Frequency: 158.603MHz)
   Minimum input arrival time before clock: 4.823ns
   Maximum output required time after clock: 7.896ns
   Maximum combinational path delay: No path found

Timing Detail:
--------------
All values displayed in nanoseconds (ns)

=========================================================================
Timing constraint: Default period analysis for Clock 'CLK'
  Clock period: 6.305ns (frequency: 158.603MHz)
  Total number of paths / destination ports: 4651 / 492
-------------------------------------------------------------------------
Delay:               6.305ns (Levels of Logic = 3)
  Source:            u_TimeTop/u_CLK1s/r1s_1 (FF)
  Destination:       u_TimeTop/u_15min/w15Digit1_0 (FF)
  Source Clock:      CLK rising
  Destination Clock: CLK rising

  Data Path: u_TimeTop/u_CLK1s/r1s_1 to u_TimeTop/u_15min/w15Digit1_0
                                Gate     Net
    Cell:in->out      fanout   Delay   Delay  Logical Name (Net Name)
    ----------------------------------------  ------------
     FDC:C->Q              1   0.626   0.976  u_TimeTop/u_CLK1s/r1s_1 (u_TimeTop/u_CLK1s/r1s_1)
     LUT3:I0->O            1   0.479   0.976  u_TimeTop/u_15min/w15Digit1_or0001_SW0_SW0 (N176)
     LUT4:I0->O           10   0.479   0.987  u_TimeTop/u_15min/w15Digit1_or0001 (u_TimeTop/u_15min/w15Digit1_or0001)
     LUT4:I3->O            4   0.479   0.779  u_TimeTop/u_15min/w15Digit1_not00031 (u_TimeTop/u_15min/w15Digit1_not0003)
     FDPE:CE                   0.524          u_TimeTop/u_15min/w15Digit1_0
    ----------------------------------------
    Total                      6.305ns (2.587ns logic, 3.718ns route)
                                       (41.0% logic, 59.0% route)

=========================================================================
Timing constraint: Default OFFSET IN BEFORE for Clock 'CLK'
  Total number of paths / destination ports: 44 / 44
-------------------------------------------------------------------------
Offset:              4.823ns (Levels of Logic = 3)
  Source:            Sw2 (PAD)
  Destination:       u_TimeTop/u_2min/w2Digit3_0 (FF)
  Destination Clock: CLK rising

  Data Path: Sw2 to u_TimeTop/u_2min/w2Digit3_0
                                Gate     Net
    Cell:in->out      fanout   Delay   Delay  Logical Name (Net Name)
    ----------------------------------------  ------------
     IBUF:I->O             2   0.715   1.040  Sw2_IBUF (Sw2_IBUF)
     LUT2:I0->O            5   0.479   0.806  u_TimeTop/u_2min/w2Digit4_not00021 (u_TimeTop/u_2min/w2Digit3_not000221)
     LUT4:I3->O            4   0.479   0.779  u_TimeTop/u_2min/w2Digit3_not000222 (u_TimeTop/u_2min/w2Digit3_not0002)
     FDCE:CE                   0.524          u_TimeTop/u_2min/w2Digit3_0
    ----------------------------------------
    Total                      4.823ns (2.197ns logic, 2.626ns route)
                                       (45.6% logic, 54.4% route)

=========================================================================
Timing constraint: Default OFFSET OUT AFTER for Clock 'CLK'
  Total number of paths / destination ports: 45 / 21
-------------------------------------------------------------------------
Offset:              7.896ns (Levels of Logic = 2)
  Source:            u_FSM/oData_3 (FF)
  Destination:       oBCD<6> (PAD)
  Source Clock:      CLK rising

  Data Path: u_FSM/oData_3 to oBCD<6>
                                Gate     Net
    Cell:in->out      fanout   Delay   Delay  Logical Name (Net Name)
    ----------------------------------------  ------------
     FD:C->Q               7   0.626   1.201  u_FSM/oData_3 (u_FSM/oData_3)
     LUT4:I0->O            1   0.479   0.681  u_BCD/Mrom_O41 (oBCD_4_OBUF)
     OBUF:I->O                 4.909          oBCD_4_OBUF (oBCD<4>)
    ----------------------------------------
    Total                      7.896ns (6.014ns logic, 1.882ns route)
                                       (76.2% logic, 23.8% route)

=========================================================================


Total REAL time to Xst completion: 19.00 secs
Total CPU time to Xst completion: 11.65 secs
 
--> 


Total memory usage is 531688 kilobytes

Number of errors   :    0 (   0 filtered)
Number of warnings :    0 (   0 filtered)
Number of infos    :    7 (   0 filtered)

