AR overtime5min behavioral /root/VHDL/Sport/Basketball/Overtime5min.vhd sub00/vhpl25 1511350907
EN clkhalfsec NULL /root/VHDL/Sport/Basketball/CLKhalfsec.vhd sub00/vhpl02 1511350884
AR counter behavioral /root/VHDL/Sport/Basketball/Counter.vhd sub00/vhpl05 1511350887
AR scandigit_score behavioral /root/VHDL/Sport/Basketball/ScanDigit_score.vhd sub00/vhpl11 1511350893
AR cd2min behavioral /root/VHDL/Sport/Basketball/CD2min.vhd sub00/vhpl23 1511350905
EN timetop NULL /root/VHDL/Sport/Basketball/TimeTop.vhd sub00/vhpl32 1511350914
EN cd10min NULL /root/VHDL/Sport/Basketball/CD10min.vhd sub00/vhpl18 1511350900
EN clk1s NULL /root/VHDL/Sport/Basketball/CLK1s.vhd sub00/vhpl12 1511350894
AR top structural /root/VHDL/Sport/Basketball/Top.vhd sub00/vhpl41 1511350923
EN scandigit_time NULL /root/VHDL/Sport/Basketball/ScanDigit_time.vhd sub00/vhpl28 1511350910
AR counts_quarter behavioral /root/VHDL/Sport/Basketball/Counts_Quarter.vhd sub00/vhpl15 1511350897
AR fsm_top behavioral /root/VHDL/Sport/Basketball/FSM_top.vhd sub00/vhpl37 1511350919
EN scoretop NULL /root/VHDL/Sport/Basketball/ScoreTop.vhd sub00/vhpl34 1511350916
AR clk1ms behavioral /root/VHDL/Sport/Basketball/CLK1ms.vhd sub00/vhpl01 1511350883
AR debouce behavioral /root/VHDL/Sport/Basketball/Debouce.vhd sub00/vhpl31 1511350913
EN cd15min NULL /root/VHDL/Sport/Basketball/CD15min.vhd sub00/vhpl20 1511350902
EN top NULL /root/VHDL/Sport/Basketball/Top.vhd sub00/vhpl40 1511350922
AR cd10min behavioral /root/VHDL/Sport/Basketball/CD10min.vhd sub00/vhpl19 1511350901
AR bcd behavioral /root/VHDL/Sport/Basketball/BCD.vhd sub00/vhpl39 1511350921
AR buzzer behavioral /root/VHDL/Sport/Basketball/Buzzer.vhd sub00/vhpl27 1511350909
EN counter NULL /root/VHDL/Sport/Basketball/Counter.vhd sub00/vhpl04 1511350886
EN scandigit_score NULL /root/VHDL/Sport/Basketball/ScanDigit_score.vhd sub00/vhpl10 1511350892
AR scandigit_time behavioral /root/VHDL/Sport/Basketball/ScanDigit_time.vhd sub00/vhpl29 1511350911
AR fsm_push behavioral /root/VHDL/Sport/Basketball/FSM_Push.vhd sub00/vhpl07 1511350889
EN fsm_com NULL /root/VHDL/Sport/Basketball/FSM_COM.vhd sub00/vhpl08 1511350890
EN cd2min NULL /root/VHDL/Sport/Basketball/CD2min.vhd sub00/vhpl22 1511350904
EN overtime5min NULL /root/VHDL/Sport/Basketball/Overtime5min.vhd sub00/vhpl24 1511350906
AR timetop structural /root/VHDL/Sport/Basketball/TimeTop.vhd sub00/vhpl33 1511350915
AR clkhalfsec behavioral /root/VHDL/Sport/Basketball/CLKhalfsec.vhd sub00/vhpl03 1511350885
AR fsm behavioral /root/VHDL/Sport/Basketball/FSM.vhd sub00/vhpl17 1511350899
EN buzzer NULL /root/VHDL/Sport/Basketball/Buzzer.vhd sub00/vhpl26 1511350908
EN debouce NULL /root/VHDL/Sport/Basketball/Debouce.vhd sub00/vhpl30 1511350912
AR fsm_com behavioral /root/VHDL/Sport/Basketball/FSM_COM.vhd sub00/vhpl09 1511350891
AR scoretop structural /root/VHDL/Sport/Basketball/ScoreTop.vhd sub00/vhpl35 1511350917
EN fsm NULL /root/VHDL/Sport/Basketball/FSM.vhd sub00/vhpl16 1511350898
EN bcd NULL /root/VHDL/Sport/Basketball/BCD.vhd sub00/vhpl38 1511350920
EN clk1ms NULL /root/VHDL/Sport/Basketball/CLK1ms.vhd sub00/vhpl00 1511350882
EN counts_quarter NULL /root/VHDL/Sport/Basketball/Counts_Quarter.vhd sub00/vhpl14 1511350896
EN fsm_top NULL /root/VHDL/Sport/Basketball/FSM_top.vhd sub00/vhpl36 1511350918
AR clk1s behavioral /root/VHDL/Sport/Basketball/CLK1s.vhd sub00/vhpl13 1511350895
EN fsm_push NULL /root/VHDL/Sport/Basketball/FSM_Push.vhd sub00/vhpl06 1511350888
AR cd15min behavioral /root/VHDL/Sport/Basketball/CD15min.vhd sub00/vhpl21 1511350903
