AR overtime5min behavioral /root/VHDL/Sport/Basketball/Overtime5min.vhd sub00/vhpl25 1511442345
EN clkhalfsec NULL /root/VHDL/Sport/Basketball/CLKhalfsec.vhd sub00/vhpl02 1511442322
AR counter behavioral /root/VHDL/Sport/Basketball/Counter.vhd sub00/vhpl05 1511442325
AR scandigit_score behavioral /root/VHDL/Sport/Basketball/ScanDigit_score.vhd sub00/vhpl11 1511442331
AR cd2min behavioral /root/VHDL/Sport/Basketball/CD2min.vhd sub00/vhpl23 1511442343
EN timetop NULL /root/VHDL/Sport/Basketball/TimeTop.vhd sub00/vhpl32 1511442352
EN cd10min NULL /root/VHDL/Sport/Basketball/CD10min.vhd sub00/vhpl18 1511442338
EN clk1s NULL /root/VHDL/Sport/Basketball/CLK1s.vhd sub00/vhpl12 1511442332
AR top structural /root/VHDL/Sport/Basketball/Top.vhd sub00/vhpl41 1511442361
EN scandigit_time NULL /root/VHDL/Sport/Basketball/ScanDigit_time.vhd sub00/vhpl28 1511442348
AR counts_quarter behavioral /root/VHDL/Sport/Basketball/Counts_Quarter.vhd sub00/vhpl15 1511442335
AR fsm_top behavioral /root/VHDL/Sport/Basketball/FSM_top.vhd sub00/vhpl37 1511442357
EN scoretop NULL /root/VHDL/Sport/Basketball/ScoreTop.vhd sub00/vhpl34 1511442354
AR clk1ms behavioral /root/VHDL/Sport/Basketball/CLK1ms.vhd sub00/vhpl01 1511442321
AR fsm_time behavioral /root/VHDL/Sport/Basketball/FSM_Time.vhd sub00/vhpl17 1511442337
AR debouce behavioral /root/VHDL/Sport/Basketball/Debouce.vhd sub00/vhpl31 1511442351
EN cd15min NULL /root/VHDL/Sport/Basketball/CD15min.vhd sub00/vhpl20 1511442340
EN top NULL /root/VHDL/Sport/Basketball/Top.vhd sub00/vhpl40 1511442360
AR cd10min behavioral /root/VHDL/Sport/Basketball/CD10min.vhd sub00/vhpl19 1511442339
AR bcd behavioral /root/VHDL/Sport/Basketball/BCD.vhd sub00/vhpl39 1511442359
AR buzzer behavioral /root/VHDL/Sport/Basketball/Buzzer.vhd sub00/vhpl27 1511442347
EN counter NULL /root/VHDL/Sport/Basketball/Counter.vhd sub00/vhpl04 1511442324
EN scandigit_score NULL /root/VHDL/Sport/Basketball/ScanDigit_score.vhd sub00/vhpl10 1511442330
AR scandigit_time behavioral /root/VHDL/Sport/Basketball/ScanDigit_time.vhd sub00/vhpl29 1511442349
AR fsm_push behavioral /root/VHDL/Sport/Basketball/FSM_Push.vhd sub00/vhpl07 1511442327
EN fsm_com NULL /root/VHDL/Sport/Basketball/FSM_COM.vhd sub00/vhpl08 1511442328
EN cd2min NULL /root/VHDL/Sport/Basketball/CD2min.vhd sub00/vhpl22 1511442342
EN overtime5min NULL /root/VHDL/Sport/Basketball/Overtime5min.vhd sub00/vhpl24 1511442344
AR timetop structural /root/VHDL/Sport/Basketball/TimeTop.vhd sub00/vhpl33 1511442353
AR clkhalfsec behavioral /root/VHDL/Sport/Basketball/CLKhalfsec.vhd sub00/vhpl03 1511442323
EN buzzer NULL /root/VHDL/Sport/Basketball/Buzzer.vhd sub00/vhpl26 1511442346
EN fsm_time NULL /root/VHDL/Sport/Basketball/FSM_Time.vhd sub00/vhpl16 1511442336
EN debouce NULL /root/VHDL/Sport/Basketball/Debouce.vhd sub00/vhpl30 1511442350
AR fsm_com behavioral /root/VHDL/Sport/Basketball/FSM_COM.vhd sub00/vhpl09 1511442329
AR scoretop structural /root/VHDL/Sport/Basketball/ScoreTop.vhd sub00/vhpl35 1511442355
EN bcd NULL /root/VHDL/Sport/Basketball/BCD.vhd sub00/vhpl38 1511442358
EN clk1ms NULL /root/VHDL/Sport/Basketball/CLK1ms.vhd sub00/vhpl00 1511442320
EN counts_quarter NULL /root/VHDL/Sport/Basketball/Counts_Quarter.vhd sub00/vhpl14 1511442334
EN fsm_top NULL /root/VHDL/Sport/Basketball/FSM_top.vhd sub00/vhpl36 1511442356
AR clk1s behavioral /root/VHDL/Sport/Basketball/CLK1s.vhd sub00/vhpl13 1511442333
EN fsm_push NULL /root/VHDL/Sport/Basketball/FSM_Push.vhd sub00/vhpl06 1511442326
AR cd15min behavioral /root/VHDL/Sport/Basketball/CD15min.vhd sub00/vhpl21 1511442341
