AR overtime5min behavioral /root/VHDL/Sport/Basketball/Overtime5min.vhd sub00/vhpl25 1511513120
EN clkhalfsec NULL /root/VHDL/Sport/Basketball/CLKhalfsec.vhd sub00/vhpl02 1511513097
AR counter behavioral /root/VHDL/Sport/Basketball/Counter.vhd sub00/vhpl05 1511513100
AR scandigit_score behavioral /root/VHDL/Sport/Basketball/ScanDigit_score.vhd sub00/vhpl11 1511513106
AR cd2min behavioral /root/VHDL/Sport/Basketball/CD2min.vhd sub00/vhpl23 1511513118
EN timetop NULL /root/VHDL/Sport/Basketball/TimeTop.vhd sub00/vhpl32 1511513127
EN cd10min NULL /root/VHDL/Sport/Basketball/CD10min.vhd sub00/vhpl18 1511513113
EN clk1s NULL /root/VHDL/Sport/Basketball/CLK1s.vhd sub00/vhpl12 1511513107
AR top structural /root/VHDL/Sport/Basketball/Top.vhd sub00/vhpl41 1511513136
EN scandigit_time NULL /root/VHDL/Sport/Basketball/ScanDigit_time.vhd sub00/vhpl28 1511513123
AR counts_quarter behavioral /root/VHDL/Sport/Basketball/Counts_Quarter.vhd sub00/vhpl15 1511513110
AR fsm_top behavioral /root/VHDL/Sport/Basketball/FSM_top.vhd sub00/vhpl37 1511513132
EN scoretop NULL /root/VHDL/Sport/Basketball/ScoreTop.vhd sub00/vhpl34 1511513129
AR clk1ms behavioral /root/VHDL/Sport/Basketball/CLK1ms.vhd sub00/vhpl01 1511513096
AR fsm_time behavioral /root/VHDL/Sport/Basketball/FSM_Time.vhd sub00/vhpl17 1511513112
AR debouce behavioral /root/VHDL/Sport/Basketball/Debouce.vhd sub00/vhpl31 1511513126
EN cd15min NULL /root/VHDL/Sport/Basketball/CD15min.vhd sub00/vhpl20 1511513115
EN top NULL /root/VHDL/Sport/Basketball/Top.vhd sub00/vhpl40 1511513135
AR cd10min behavioral /root/VHDL/Sport/Basketball/CD10min.vhd sub00/vhpl19 1511513114
AR bcd behavioral /root/VHDL/Sport/Basketball/BCD.vhd sub00/vhpl39 1511513134
AR buzzer behavioral /root/VHDL/Sport/Basketball/Buzzer.vhd sub00/vhpl27 1511513122
EN counter NULL /root/VHDL/Sport/Basketball/Counter.vhd sub00/vhpl04 1511513099
EN scandigit_score NULL /root/VHDL/Sport/Basketball/ScanDigit_score.vhd sub00/vhpl10 1511513105
AR scandigit_time behavioral /root/VHDL/Sport/Basketball/ScanDigit_time.vhd sub00/vhpl29 1511513124
AR fsm_push behavioral /root/VHDL/Sport/Basketball/FSM_Push.vhd sub00/vhpl07 1511513102
EN fsm_com NULL /root/VHDL/Sport/Basketball/FSM_COM.vhd sub00/vhpl08 1511513103
EN cd2min NULL /root/VHDL/Sport/Basketball/CD2min.vhd sub00/vhpl22 1511513117
EN overtime5min NULL /root/VHDL/Sport/Basketball/Overtime5min.vhd sub00/vhpl24 1511513119
AR timetop structural /root/VHDL/Sport/Basketball/TimeTop.vhd sub00/vhpl33 1511513128
AR clkhalfsec behavioral /root/VHDL/Sport/Basketball/CLKhalfsec.vhd sub00/vhpl03 1511513098
EN buzzer NULL /root/VHDL/Sport/Basketball/Buzzer.vhd sub00/vhpl26 1511513121
EN fsm_time NULL /root/VHDL/Sport/Basketball/FSM_Time.vhd sub00/vhpl16 1511513111
EN debouce NULL /root/VHDL/Sport/Basketball/Debouce.vhd sub00/vhpl30 1511513125
AR fsm_com behavioral /root/VHDL/Sport/Basketball/FSM_COM.vhd sub00/vhpl09 1511513104
AR scoretop structural /root/VHDL/Sport/Basketball/ScoreTop.vhd sub00/vhpl35 1511513130
EN bcd NULL /root/VHDL/Sport/Basketball/BCD.vhd sub00/vhpl38 1511513133
EN clk1ms NULL /root/VHDL/Sport/Basketball/CLK1ms.vhd sub00/vhpl00 1511513095
EN counts_quarter NULL /root/VHDL/Sport/Basketball/Counts_Quarter.vhd sub00/vhpl14 1511513109
EN fsm_top NULL /root/VHDL/Sport/Basketball/FSM_top.vhd sub00/vhpl36 1511513131
AR clk1s behavioral /root/VHDL/Sport/Basketball/CLK1s.vhd sub00/vhpl13 1511513108
EN fsm_push NULL /root/VHDL/Sport/Basketball/FSM_Push.vhd sub00/vhpl06 1511513101
AR cd15min behavioral /root/VHDL/Sport/Basketball/CD15min.vhd sub00/vhpl21 1511513116
